"","V1","V2","V3"
"1",0.208747837940852,0.011734776198864,0.0022923517972231
"2",0.011734776198864,0.121597251604778,-0.0522156680999982
"3",0.0022923517972231,-0.0522156680999982,0.143591395741058
